<html>
<body>
<pre>
<h1>µVision Build Log</h1>
<h2>Project:</h2>
D:\Main Arm projects\enviroclock multifunction alarm clock with room temperature display\digitalalarm.uvproj
Project File Date:  11/05/2025

<h2>Output:</h2>
Rebuild target 'Target 1'
assembling Startup.s...
compiling adc.c...
compiling delay.c...
compiling pin_connect_block.c...
compiling lcd.c...
compiling rtc.c...
compiling clockmain.c...
compiling kpm.c...
linking...
Program Size: Code=8504 RO-data=60 RW-data=100 ZI-data=1260  
FromELF: creating hex file...
".\digitalalarm.axf" - 0 Error(s), 0 Warning(s).
</pre>
</body>
</html>
.
Target not created
Error: Could not load file 'D:\Main Arm projects\enviroclock multifunction alarm clock with room temperature display\digitalalarm.axf'. Debugger aborted !
Error: Could not load file 'D:\Main Arm projects\enviroclock multifunction alarm clock with room temperature display\digitalalarm.axf'. Debugger aborted !
