<html>
<body>
<pre>
<h1>µVision Build Log</h1>
<h2>Project:</h2>
E:\v24he11s20\Arm v24he11s20\enviroclock multifunction alarm clock with room temperature display\digitalalarm.uvproj
Project File Date:  12/16/2025

<h2>Output:</h2>
Build target 'Target 1'
assembling Startup.s...
compiling adc.c...
compiling delay.c...
compiling pin_connect_block.c...
compiling lcd.c...
compiling rtc.c...
compiling clockmain.c...
compiling kpm.c...
linking...
Program Size: Code=8548 RO-data=60 RW-data=100 ZI-data=1260  
FromELF: creating hex file...
"enviro.axf" - 0 Error(s), 0 Warning(s).
Build target 'Target 1'
assembling Startup.s...
compiling adc.c...
compiling delay.c...
compiling pin_connect_block.c...
compiling lcd.c...
compiling rtc.c...
compiling clockmain.c...
compiling kpm.c...
linking...
Program Size: Code=8548 RO-data=60 RW-data=100 ZI-data=1260  
FromELF: creating hex file...
"enviroclk.axf" - 0 Error(s), 0 Warning(s).
Build target 'Target 1'
assembling Startup.s...
compiling adc.c...
compiling delay.c...
compiling pin_connect_block.c...
compiling lcd.c...
compiling rtc.c...
compiling clockmain.c...
compiling kpm.c...
linking...
Program Size: Code=8556 RO-data=60 RW-data=100 ZI-data=1260  
FromELF: creating hex file...
"enviroclk.axf" - 0 Error(s), 0 Warning(s).
Build target 'Target 1'
assembling Startup.s...
compiling adc.c...
compiling delay.c...
compiling pin_connect_block.c...
compiling lcd.c...
compiling rtc.c...
compiling clockmain.c...
compiling kpm.c...
linking...
Program Size: Code=8556 RO-data=60 RW-data=100 ZI-data=1260  
FromELF: creating hex file...
"enviroclk.axf" - 0 Error(s), 0 Warning(s).
Build target 'Target 1'
assembling Startup.s...
compiling adc.c...
compiling delay.c...
compiling pin_connect_block.c...
compiling lcd.c...
compiling rtc.c...
compiling clockmain.c...
compiling kpm.c...
linking...
Program Size: Code=8548 RO-data=60 RW-data=100 ZI-data=1260  
FromELF: creating hex file...
"enviroclk.axf" - 0 Error(s), 0 Warning(s).
Build target 'Target 1'
assembling Startup.s...
compiling adc.c...
compiling delay.c...
compiling pin_connect_block.c...
compiling lcd.c...
compiling rtc.c...
compiling clockmain.c...
compiling kpm.c...
linking...
Program Size: Code=8548 RO-data=60 RW-data=100 ZI-data=1260  
FromELF: creating hex file...
"enviroclk.axf" - 0 Error(s), 0 Warning(s).
Build target 'Target 1'
assembling Startup.s...
compiling adc.c...
compiling delay.c...
compiling pin_connect_block.c...
compiling lcd.c...
compiling rtc.c...
compiling clockmain.c...
compiling kpm.c...
linking...
Program Size: Code=8564 RO-data=60 RW-data=100 ZI-data=1260  
FromELF: creating hex file...
"enviroclk.axf" - 0 Error(s), 0 Warning(s).
Build target 'Target 1'
assembling Startup.s...
compiling adc.c...
compiling delay.c...
compiling pin_connect_block.c...
compiling lcd.c...
compiling rtc.c...
compiling clockmain.c...
compiling kpm.c...
linking...
Program Size: Code=8564 RO-data=60 RW-data=100 ZI-data=1260  
FromELF: creating hex file...
"enviroclk.axf" - 0 Error(s), 0 Warning(s).
Build target 'Target 1'
assembling Startup.s...
compiling adc.c...
compiling delay.c...
compiling pin_connect_block.c...
compiling lcd.c...
compiling rtc.c...
compiling clockmain.c...
compiling kpm.c...
linking...
Program Size: Code=8564 RO-data=60 RW-data=100 ZI-data=1260  
FromELF: creating hex file...
"enviroclk.axf" - 0 Error(s), 0 Warning(s).
Build target 'Target 1'
assembling Startup.s...
compiling adc.c...
compiling delay.c...
compiling pin_connect_block.c...
compiling lcd.c...
compiling rtc.c...
compiling clockmain.c...
compiling kpm.c...
linking...
Program Size: Code=8564 RO-data=60 RW-data=100 ZI-data=1260  
FromELF: creating hex file...
"enviroclk.axf" - 0 Error(s), 0 Warning(s).
Build target 'Target 1'
assembling Startup.s...
compiling adc.c...
compiling delay.c...
compiling pin_connect_block.c...
compiling lcd.c...
compiling rtc.c...
compiling clockmain.c...
compiling kpm.c...
linking...
Program Size: Code=8564 RO-data=60 RW-data=100 ZI-data=1260  
FromELF: creating hex file...
"enviroclk.axf" - 0 Error(s), 0 Warning(s).
